Optimizing Linkage Editor (V.10.02.00.000)        20-Nov-2019 01:02:25

*** Options ***

-subcommand=F:\www\three_axis\PLC_XT14007\Debug\PLC_XT14007.hlk
-noprelink
-rom=D=R,D_1=R_1,D_2=R_2
-nomessage
-list="F:\www\three_axis\PLC_XT14007\Debug\PLC_XT14007.map"
-nooptimize
-start=B_1,R_1,B_2,R_2,B,R,SU,SI/00,PResetPRG/0FFFC0000,C_1,C_2,C,C$*,D_1,D_2,D,P,PIntPRG,W*,L/0FFFD0000,FIXEDVECT/0FFFFFFD0
-nologo
-input="F:\www\three_axis\PLC_XT14007\Debug\24c04.obj"
-input="F:\www\three_axis\PLC_XT14007\Debug\Action.obj"
-input="F:\www\three_axis\PLC_XT14007\Debug\AutoRunProc.obj"
-input="F:\www\three_axis\PLC_XT14007\Debug\dbsct.obj"
-input="F:\www\three_axis\PLC_XT14007\Debug\hwsetup.obj"
-input="F:\www\three_axis\PLC_XT14007\Debug\inout.obj"
-input="F:\www\three_axis\PLC_XT14007\Debug\intprg.obj"
-input="F:\www\three_axis\PLC_XT14007\Debug\main.obj"
-input="F:\www\three_axis\PLC_XT14007\Debug\ManualProc.obj"
-input="F:\www\three_axis\PLC_XT14007\Debug\MenInit.obj"
-input="F:\www\three_axis\PLC_XT14007\Debug\modbusASC.obj"
-input="F:\www\three_axis\PLC_XT14007\Debug\PWM.obj"
-input="F:\www\three_axis\PLC_XT14007\Debug\resetprg.obj"
-input="F:\www\three_axis\PLC_XT14007\Debug\sbrk.obj"
-input="F:\www\three_axis\PLC_XT14007\Debug\ServoDrv.obj"
-input="F:\www\three_axis\PLC_XT14007\Debug\SPI_viaRSPI.obj"
-input="F:\www\three_axis\PLC_XT14007\Debug\SPIFlash_W25Q.obj"
-input="F:\www\three_axis\PLC_XT14007\Debug\Timer.obj"
-input="F:\www\three_axis\PLC_XT14007\Debug\uart.obj"
-input="F:\www\three_axis\PLC_XT14007\Debug\vecttbl.obj"
-library="F:\www\three_axis\PLC_XT14007\Debug\PLC_XT14007.lib"
-output="F:\www\three_axis\PLC_XT14007\Debug\PLC_XT14007.abs"
-end

*** Error information ***

** L1100 (W) Cannot find "L" specified in option "start"

*** Mapping List ***

SECTION                            START      END         SIZE   ALIGN

B_1
                                  00000000  00004046      4047   1
R_1
                                  00004047  00004257       211   1
B_2
                                  00004258  000058df      1688   2
R_2
                                  000058e0  000058e9         a   2
B
                                  000058ec  00005e9b       5b0   4
R
                                  00005e9c  00005ec3        28   4
SU
                                  00005ec4  00005fc3       100   4
SI
                                  00005fc4  000062c3       300   4
PResetPRG
                                  fffc0000  fffc0034        35   1
C_1
                                  fffd0000  fffd0013        14   1
C_2
                                  fffd0014  fffd0014         0   2
C
                                  fffd0014  fffd002b        18   4
C$DSEC
                                  fffd002c  fffd004f        24   4
C$BSEC
                                  fffd0050  fffd0067        18   4
C$VECT
                                  fffd0068  fffd0467       400   4
D_1
                                  fffd0468  fffd0678       211   1
D_2
                                  fffd067a  fffd0683         a   2
D
                                  fffd0684  fffd06ab        28   4
P
                                  fffd06ac  fffd7b87      74dc   1
PIntPRG
                                  fffd7b88  fffd7cc5       13e   1
W
                                  fffd7cc8  fffd7cc8         0   4
W_1
                                  fffd7cc8  fffd7cc8         0   1
W_2
                                  fffd7cc8  fffd7d61        9a   2
FIXEDVECT
                                  ffffffd0  ffffffff        30   4
