Optimizing Linkage Editor (V.10.02.00.000)        18-May-2018 18:02:03

*** Options ***

-subcommand=E:\RX621\定做机\xibianjiv_1.0\PLC_XT14007\Debug\PLC_XT14007.hlk
-noprelink
-rom=D=R,D_1=R_1,D_2=R_2
-nomessage
-list="E:\RX621\定做机\xibianjiv_1.0\PLC_XT14007\Debug\PLC_XT14007.map"
-nooptimize
-start=B_1,R_1,B_2,R_2,B,R,SU,SI/00,PResetPRG/0FFFC0000,C_1,C_2,C,C$*,D_1,D_2,D,P,PIntPRG,W*,L/0FFFD0000,FIXEDVECT/0FFFFFFD0
-nologo
-input="E:\RX621\定做机\xibianjiv_1.0\PLC_XT14007\Debug\24c04.obj"
-input="E:\RX621\定做机\xibianjiv_1.0\PLC_XT14007\Debug\Action.obj"
-input="E:\RX621\定做机\xibianjiv_1.0\PLC_XT14007\Debug\AutoRunProc.obj"
-input="E:\RX621\定做机\xibianjiv_1.0\PLC_XT14007\Debug\dbsct.obj"
-input="E:\RX621\定做机\xibianjiv_1.0\PLC_XT14007\Debug\hwsetup.obj"
-input="E:\RX621\定做机\xibianjiv_1.0\PLC_XT14007\Debug\inout.obj"
-input="E:\RX621\定做机\xibianjiv_1.0\PLC_XT14007\Debug\intprg.obj"
-input="E:\RX621\定做机\xibianjiv_1.0\PLC_XT14007\Debug\main.obj"
-input="E:\RX621\定做机\xibianjiv_1.0\PLC_XT14007\Debug\ManualProc.obj"
-input="E:\RX621\定做机\xibianjiv_1.0\PLC_XT14007\Debug\MenInit.obj"
-input="E:\RX621\定做机\xibianjiv_1.0\PLC_XT14007\Debug\modbusASC.obj"
-input="E:\RX621\定做机\xibianjiv_1.0\PLC_XT14007\Debug\PWM.obj"
-input="E:\RX621\定做机\xibianjiv_1.0\PLC_XT14007\Debug\resetprg.obj"
-input="E:\RX621\定做机\xibianjiv_1.0\PLC_XT14007\Debug\sbrk.obj"
-input="E:\RX621\定做机\xibianjiv_1.0\PLC_XT14007\Debug\ServoDrv.obj"
-input="E:\RX621\定做机\xibianjiv_1.0\PLC_XT14007\Debug\SPI_viaRSPI.obj"
-input="E:\RX621\定做机\xibianjiv_1.0\PLC_XT14007\Debug\SPIFlash_W25Q.obj"
-input="E:\RX621\定做机\xibianjiv_1.0\PLC_XT14007\Debug\Timer.obj"
-input="E:\RX621\定做机\xibianjiv_1.0\PLC_XT14007\Debug\uart.obj"
-input="E:\RX621\定做机\xibianjiv_1.0\PLC_XT14007\Debug\vecttbl.obj"
-library="E:\RX621\定做机\xibianjiv_1.0\PLC_XT14007\Debug\PLC_XT14007.lib"
-output="E:\RX621\定做机\xibianjiv_1.0\PLC_XT14007\Debug\PLC_XT14007.abs"
-end

*** Error information ***

** L1100 (W) Cannot find "L" specified in option "start"

*** Mapping List ***

SECTION                            START      END         SIZE   ALIGN

B_1
                                  00000000  0000403b      403c   1
R_1
                                  0000403c  00004251       216   1
B_2
                                  00004252  000058d5      1684   2
R_2
                                  000058d6  000058df         a   2
B
                                  000058e0  00005ef7       618   4
R
                                  00005ef8  00005f1b        24   4
SU
                                  00005f1c  0000601b       100   4
SI
                                  0000601c  0000631b       300   4
PResetPRG
                                  fffc0000  fffc0034        35   1
C_1
                                  fffd0000  fffd0013        14   1
C_2
                                  fffd0014  fffd0014         0   2
C
                                  fffd0014  fffd002b        18   4
C$DSEC
                                  fffd002c  fffd004f        24   4
C$BSEC
                                  fffd0050  fffd0067        18   4
C$VECT
                                  fffd0068  fffd0467       400   4
D_1
                                  fffd0468  fffd067d       216   1
D_2
                                  fffd067e  fffd0687         a   2
D
                                  fffd0688  fffd06ab        24   4
P
                                  fffd06ac  fffd8058      79ad   1
PIntPRG
                                  fffd8059  fffd8196       13e   1
W_1
                                  fffd8197  fffd8197         0   1
W_2
                                  fffd8198  fffd81c9        32   2
W
                                  fffd81cc  fffd81cc         0   4
FIXEDVECT
                                  ffffffd0  ffffffff        30   4
